// Jest Snapshot v1, https://goo.gl/fbAQLP

exports[`item renders snapshot 1`] = `
<li
  className="List item"
>
  <span
    className="title"
  >
    <a
      href="https://www.google.com"
    >
      React
    </a>
  </span>
  <span
    className="author"
  >
    Jordan Walke
  </span>
  <span
    className="comments"
  >
    1
  </span>
  <span
    className="points"
  >
    1
  </span>
  <span
    className="actions"
  >
    <button
      className="button button_small"
      onClick={[Function]}
    >
      <svg
        height="18px"
        width="18px"
      >
        check.svg
      </svg>
    </button>
  </span>
</li>
`;
